class JsonProvider
    static member AsyncGetSample: () -> JsonProvider+DomainTypes+Entity async
    JsonDocument.AsyncCreate((IO.asyncReadTextAtRuntimeWithDesignTimeRules @"<SOURCE_DIRECTORY>\..\FSharp.Data.Tests\Data" "" "WikiData.json"), "")

    static member AsyncLoad: uri:string -> JsonProvider+DomainTypes+Entity async
    JsonDocument.AsyncCreate((IO.asyncReadTextAtRuntime false @"<SOURCE_DIRECTORY>\..\FSharp.Data.Tests\Data" "" uri), "")

    static member GetSample: () -> JsonProvider+DomainTypes+Entity
    JsonDocument.Create(FSharpAsync.RunSynchronously((IO.asyncReadTextAtRuntimeWithDesignTimeRules @"<SOURCE_DIRECTORY>\..\FSharp.Data.Tests\Data" "" "WikiData.json")), "")

    static member Load: stream:System.IO.Stream -> JsonProvider+DomainTypes+Entity
    JsonDocument.Create(((new StreamReader(stream)) :> TextReader), "")

    static member Load: reader:System.IO.TextReader -> JsonProvider+DomainTypes+Entity
    JsonDocument.Create(reader, "")

    static member Load: uri:string -> JsonProvider+DomainTypes+Entity
    JsonDocument.Create(FSharpAsync.RunSynchronously((IO.asyncReadTextAtRuntime false @"<SOURCE_DIRECTORY>\..\FSharp.Data.Tests\Data" "" uri)), "")

    static member Parse: text:string -> JsonProvider+DomainTypes+Entity
    JsonDocument.Create(((new StringReader(text)) :> TextReader), "")


class JsonProvider+DomainTypes

class JsonProvider+DomainTypes+Entity : FDR.JsonDocument
    member Address: JsonProvider+DomainTypes+Address with get
    JsonDocument.Create((this.JsonValue.GetProperty "address"))

    member Age: int with get
    let value = (this.JsonValue.TryGetProperty "age")
    JsonRuntime.GetNonOptionalValue("age", JsonRuntime.ConvertInteger("", value), value)

    member FirstName: string with get
    let value = (this.JsonValue.TryGetProperty "firstName")
    JsonRuntime.GetNonOptionalValue("firstName", JsonRuntime.ConvertString("", value), value)

    member LastName: string with get
    let value = (this.JsonValue.TryGetProperty "lastName")
    JsonRuntime.GetNonOptionalValue("lastName", JsonRuntime.ConvertString("", value), value)


class JsonProvider+DomainTypes+Address : FDR.JsonDocument
    member City: string with get
    let value = (this.JsonValue.TryGetProperty "city")
    JsonRuntime.GetNonOptionalValue("city", JsonRuntime.ConvertString("", value), value)

    member PostalCode: int with get
    let value = (this.JsonValue.TryGetProperty "postalCode")
    JsonRuntime.GetNonOptionalValue("postalCode", JsonRuntime.ConvertInteger("", value), value)

    member State: string with get
    let value = (this.JsonValue.TryGetProperty "state")
    JsonRuntime.GetNonOptionalValue("state", JsonRuntime.ConvertString("", value), value)

    member StreetAddress: string with get
    let value = (this.JsonValue.TryGetProperty "streetAddress")
    JsonRuntime.GetNonOptionalValue("streetAddress", JsonRuntime.ConvertString("", value), value)


