class JsonProvider
    static member AsyncGetSample: () -> JsonProvider+DomainTypes+Entity async
    JsonDocument.AsyncCreate((IO.asyncReadTextAtRuntimeWithDesignTimeRules @"<SOURCE_DIRECTORY>\..\FSharp.Data.Tests\Data" "" "DoubleNested.json"), "")

    static member AsyncLoad: uri:string -> JsonProvider+DomainTypes+Entity async
    JsonDocument.AsyncCreate((IO.asyncReadTextAtRuntime false @"<SOURCE_DIRECTORY>\..\FSharp.Data.Tests\Data" "" uri), "")

    static member GetSample: () -> JsonProvider+DomainTypes+Entity
    JsonDocument.Create(FSharpAsync.RunSynchronously((IO.asyncReadTextAtRuntimeWithDesignTimeRules @"<SOURCE_DIRECTORY>\..\FSharp.Data.Tests\Data" "" "DoubleNested.json")), "")

    static member Load: stream:System.IO.Stream -> JsonProvider+DomainTypes+Entity
    JsonDocument.Create(((new StreamReader(stream)) :> TextReader), "")

    static member Load: reader:System.IO.TextReader -> JsonProvider+DomainTypes+Entity
    JsonDocument.Create(reader, "")

    static member Load: uri:string -> JsonProvider+DomainTypes+Entity
    JsonDocument.Create(FSharpAsync.RunSynchronously((IO.asyncReadTextAtRuntime false @"<SOURCE_DIRECTORY>\..\FSharp.Data.Tests\Data" "" uri)), "")

    static member Parse: text:string -> JsonProvider+DomainTypes+Entity
    JsonDocument.Create(((new StringReader(text)) :> TextReader), "")


class JsonProvider+DomainTypes

class JsonProvider+DomainTypes+Entity : FDR.JsonDocument
    member Main: JsonProvider+DomainTypes+Main with get
    JsonDocument.Create((this.JsonValue.GetProperty "main"))


class JsonProvider+DomainTypes+Main : FDR.JsonDocument
    member Nested: JsonProvider+DomainTypes+Nested with get
    JsonDocument.Create((this.JsonValue.GetProperty "nested"))

    member Title: string with get
    let value = (this.JsonValue.TryGetProperty "title")
    JsonRuntime.GetNonOptionalValue("title", JsonRuntime.ConvertString("", value), value)


class JsonProvider+DomainTypes+Nested : FDR.JsonDocument
    member NestedTitle: string with get
    let value = (this.JsonValue.TryGetProperty "nestedTitle")
    JsonRuntime.GetNonOptionalValue("nestedTitle", JsonRuntime.ConvertString("", value), value)


