class JsonProvider
    static member AsyncGetSample: () -> JsonProvider+DomainTypes+Entity async
    JsonDocument.AsyncCreate((IO.asyncReadTextAtRuntimeWithDesignTimeRules @"<SOURCE_DIRECTORY>\..\FSharp.Data.Tests\Data" "" "OptionValues.json"), "")

    static member AsyncLoad: uri:string -> JsonProvider+DomainTypes+Entity async
    JsonDocument.AsyncCreate((IO.asyncReadTextAtRuntime false @"<SOURCE_DIRECTORY>\..\FSharp.Data.Tests\Data" "" uri), "")

    static member GetSample: () -> JsonProvider+DomainTypes+Entity
    JsonDocument.Create(FSharpAsync.RunSynchronously((IO.asyncReadTextAtRuntimeWithDesignTimeRules @"<SOURCE_DIRECTORY>\..\FSharp.Data.Tests\Data" "" "OptionValues.json")), "")

    static member Load: stream:System.IO.Stream -> JsonProvider+DomainTypes+Entity
    JsonDocument.Create(((new StreamReader(stream)) :> TextReader), "")

    static member Load: reader:System.IO.TextReader -> JsonProvider+DomainTypes+Entity
    JsonDocument.Create(reader, "")

    static member Load: uri:string -> JsonProvider+DomainTypes+Entity
    JsonDocument.Create(FSharpAsync.RunSynchronously((IO.asyncReadTextAtRuntime false @"<SOURCE_DIRECTORY>\..\FSharp.Data.Tests\Data" "" uri)), "")

    static member Parse: text:string -> JsonProvider+DomainTypes+Entity
    JsonDocument.Create(((new StringReader(text)) :> TextReader), "")


class JsonProvider+DomainTypes

class JsonProvider+DomainTypes+Entity : FDR.JsonDocument
    member Authors: JsonProvider+DomainTypes+Author[] with get
    JsonRuntime.ConvertArray(JsonDocument.Create((this.JsonValue.GetProperty "authors")), new Func<_,_>(fun (t:JsonDocument) -> t.JsonValue), new Func<_,_>(fun (t:JsonValue) -> JsonDocument.Create(t)), new Func<_,_>(id)))


class JsonProvider+DomainTypes+Author : FDR.JsonDocument
    member Age: int option with get
    JsonRuntime.ConvertInteger("", (this.JsonValue.TryGetProperty "age"))

    member Name: string with get
    let value = (this.JsonValue.TryGetProperty "name")
    JsonRuntime.GetNonOptionalValue("name", JsonRuntime.ConvertString("", value), value)


