class JsonProvider
    static member AsyncGetSample: () -> JsonProvider+DomainTypes+Entity async
    JsonDocument.AsyncCreate((IO.asyncReadTextAtRuntimeWithDesignTimeRules @"<SOURCE_DIRECTORY>\..\FSharp.Data.Tests\Data" "" "projects.json"), "")

    static member AsyncLoad: uri:string -> JsonProvider+DomainTypes+Entity async
    JsonDocument.AsyncCreate((IO.asyncReadTextAtRuntime false @"<SOURCE_DIRECTORY>\..\FSharp.Data.Tests\Data" "" uri), "")

    static member GetSample: () -> JsonProvider+DomainTypes+Entity
    JsonDocument.Create(FSharpAsync.RunSynchronously((IO.asyncReadTextAtRuntimeWithDesignTimeRules @"<SOURCE_DIRECTORY>\..\FSharp.Data.Tests\Data" "" "projects.json")), "")

    static member Load: stream:System.IO.Stream -> JsonProvider+DomainTypes+Entity
    JsonDocument.Create(((new StreamReader(stream)) :> TextReader), "")

    static member Load: reader:System.IO.TextReader -> JsonProvider+DomainTypes+Entity
    JsonDocument.Create(reader, "")

    static member Load: uri:string -> JsonProvider+DomainTypes+Entity
    JsonDocument.Create(FSharpAsync.RunSynchronously((IO.asyncReadTextAtRuntime false @"<SOURCE_DIRECTORY>\..\FSharp.Data.Tests\Data" "" uri)), "")

    static member Parse: text:string -> JsonProvider+DomainTypes+Entity
    JsonDocument.Create(((new StringReader(text)) :> TextReader), "")


class JsonProvider+DomainTypes

class JsonProvider+DomainTypes+Entity : FDR.JsonDocument
    member Ordercontainer: JsonProvider+DomainTypes+Ordercontainer with get
    JsonDocument.Create((this.JsonValue.GetProperty "ordercontainer"))


class JsonProvider+DomainTypes+Ordercontainer : FDR.JsonDocument
    member Backgrounds: JsonProvider+DomainTypes+Backgrounds with get
    JsonDocument.Create((this.JsonValue.GetProperty "backgrounds"))

    member Project: JsonProvider+DomainTypes+Project with get
    JsonDocument.Create((this.JsonValue.GetProperty "project"))


class JsonProvider+DomainTypes+Backgrounds : FDR.JsonDocument
    member Background: JsonProvider+DomainTypes+Background with get
    JsonDocument.Create((this.JsonValue.GetProperty "background"))


class JsonProvider+DomainTypes+Project : FDR.JsonDocument
    member Title: JsonProvider+DomainTypes+Title2 with get
    JsonDocument.Create((this.JsonValue.GetProperty "title"))


class JsonProvider+DomainTypes+Background : FDR.JsonDocument
    member Title: JsonProvider+DomainTypes+Title with get
    JsonDocument.Create((this.JsonValue.GetProperty "title"))


class JsonProvider+DomainTypes+Title2 : FDR.JsonDocument
    member Text: string with get
    let value = (this.JsonValue.TryGetProperty "text")
    JsonRuntime.GetNonOptionalValue("text", JsonRuntime.ConvertString("", value), value)


class JsonProvider+DomainTypes+Title : FDR.JsonDocument
    member Text: string with get
    let value = (this.JsonValue.TryGetProperty "text")
    JsonRuntime.GetNonOptionalValue("text", JsonRuntime.ConvertString("", value), value)


