class XmlProvider
    static member AsyncGetSample: () -> XmlProvider+DomainTypes+Ordercontainer async
    XmlElement.AsyncCreate((IO.asyncReadTextAtRuntimeWithDesignTimeRules @"<SOURCE_DIRECTORY>\..\FSharp.Data.Tests\Data" "" "projects.xml"))

    static member AsyncLoad: uri:string -> XmlProvider+DomainTypes+Ordercontainer async
    XmlElement.AsyncCreate((IO.asyncReadTextAtRuntime false @"<SOURCE_DIRECTORY>\..\FSharp.Data.Tests\Data" "" uri))

    static member GetSample: () -> XmlProvider+DomainTypes+Ordercontainer
    XmlElement.Create(FSharpAsync.RunSynchronously((IO.asyncReadTextAtRuntimeWithDesignTimeRules @"<SOURCE_DIRECTORY>\..\FSharp.Data.Tests\Data" "" "projects.xml")))

    static member Load: stream:System.IO.Stream -> XmlProvider+DomainTypes+Ordercontainer
    XmlElement.Create(((new StreamReader(stream)) :> TextReader))

    static member Load: reader:System.IO.TextReader -> XmlProvider+DomainTypes+Ordercontainer
    XmlElement.Create(reader)

    static member Load: uri:string -> XmlProvider+DomainTypes+Ordercontainer
    XmlElement.Create(FSharpAsync.RunSynchronously((IO.asyncReadTextAtRuntime false @"<SOURCE_DIRECTORY>\..\FSharp.Data.Tests\Data" "" uri)))

    static member Parse: text:string -> XmlProvider+DomainTypes+Ordercontainer
    XmlElement.Create(((new StringReader(text)) :> TextReader))


class XmlProvider+DomainTypes

class XmlProvider+DomainTypes+Ordercontainer : FDR.XmlElement
    member Backgrounds: XmlProvider+DomainTypes+Backgrounds with get
    XmlRuntime.GetChild(this, "backgrounds")

    member Project: XmlProvider+DomainTypes+Project with get
    XmlRuntime.GetChild(this, "project")


class XmlProvider+DomainTypes+Backgrounds : FDR.XmlElement
    member Background: XmlProvider+DomainTypes+Background with get
    XmlRuntime.GetChild(this, "background")


class XmlProvider+DomainTypes+Project : FDR.XmlElement
    member Title: string with get
    let value = XmlRuntime.TryGetValue(XmlRuntime.GetChild(this, "title"))
    TextRuntime.GetNonOptionalValue("Value", TextRuntime.ConvertString(value), value)


class XmlProvider+DomainTypes+Background : FDR.XmlElement
    member Title: string with get
    let value = XmlRuntime.TryGetValue(XmlRuntime.GetChild(this, "title"))
    TextRuntime.GetNonOptionalValue("Value", TextRuntime.ConvertString(value), value)


